q1. get the calender and date

cal

[root@Ridmi ~]# cal
     April 2025
Su Mo Tu We Th Fr Sa
       1  2  3  4  5
 6  7  8  9 10 11 12
13 14 15 16 17 18 19
20 21 22 23 24 25 26
27 28 29 30

date

[root@Ridmi ~]# date
Mon Apr 28 20:17:57 +0530 2025


q2. get the student name and marks from the user and then calculate
output:-
	Enter the name: Isuru
	Enter the mark for subject1:80
	Enter the mark for subject2:90
	Enter the mark for subject3:70
	Total

echo "Enter the name: "
read name
echo "Enter the mark for subject1 : "
read m1
echo "Enter the mark for subject2 : "
read m2
echo "Enter the mark for subject3 : "
read m3
echo "Total =" $((m1+m2+m3))
echo "Average = "  $(((m1+m2+m3)/3))

[root@Ridmi ~]# vi sum.sh
[root@Ridmi ~]# ls
DataFile.csv       example_1.sh  rows_test1.csv  test1.csv  xyz1.csv
DataFile_copy.csv  example_2.sh  sum.sh          test3.csv
abc.tsv            new.txt       test.csv        touch
[root@Ridmi ~]# chmod 777 sum.sh
[root@Ridmi ~]# ls
DataFile.csv       example_1.sh  rows_test1.csv  test1.csv  xyz1.csv
DataFile_copy.csv  example_2.sh  sum.sh          test3.csv
abc.tsv            new.txt       test.csv        touch
[root@Ridmi ~]# ./sum.sh
Enter the name:
Isuru
Enter the mark for subject1 :
70
Enter the mark for subject2 :
80
Enter the mark for subject3 :
90
Total = 240
Average =  80


q3.Create calculator with arithmetic operators.
Output:-
	Enter the first number: 4
	Enter the second number: 2
	Summation: 6
	Substraction: 2
	Division: 2
	Multiplication:8
	
echo "Enter the first number: "
read n1
echo "Enter the second number: "
read n2
echo "Summation: " $((n1+n2))
echo "Subtraction: " $((n1-n2))
echo "Multiplication: " $((n1*n2))
echo "Devision: " $((n1/n2))
	
[root@Ridmi ~]# vi arithmatic.sh
[root@Ridmi ~]# ls
DataFile.csv       arithmatic.sh  new.txt         test.csv   touch
DataFile_copy.csv  example_1.sh   rows_test1.csv  test1.csv  xyz1.csv
abc.tsv            example_2.sh   sum.sh          test3.csv
[root@Ridmi ~]# chmod 777 arithmatic.sh
[root@Ridmi ~]# ls
DataFile.csv       arithmatic.sh  new.txt         test.csv   touch
DataFile_copy.csv  example_1.sh   rows_test1.csv  test1.csv  xyz1.csv
abc.tsv            example_2.sh   sum.sh          test3.csv
[root@Ridmi ~]# ./arithmatic.sh
Enter the first number:
12
Enter the second number:
4
Summation:  16
Subtraction:  8
Multiplication:  48
Devision:  3

	
q4. Get the days based on the user input
output:-
	Enter the number : 5
	Friday
	Enter the number : 9
	Unrecognized number

echo "Enter the Number: "
read n

if [ "$n" -eq 1 ]; then
    echo "Monday"
elif [ "$n" -eq 2 ]; then
    echo "Tuesday"
elif [ "$n" -eq 3 ]; then
    echo "Wednesday"
elif [ "$n" -eq 4 ]; then
    echo "Thursday"
elif [ "$n" -eq 5 ]; then
    echo "Friday"
elif [ "$n" -eq 6 ]; then
    echo "Saturday"
elif [ "$n" -eq 7 ]; then
    echo "Sunday"
else
    echo "Invalid"
fi

[root@Ridmi ~]# vi day.sh
[root@Ridmi ~]# chmod 777 day.sh
[root@Ridmi ~]# ls
DataFile.csv       arithmatic.sh  example_2.sh    sum.sh     test3.csv
DataFile_copy.csv  day.sh         new.txt         test.csv   touch
abc.tsv            example_1.sh   rows_test1.csv  test1.csv  xyz1.csv
[root@Ridmi ~]# ./day.sh
Enter the Number:
3
Wednesday 

q5. Verify whether your user name is correct or not.(use your name as in your input)
output:-
	Enter user name:
	Mino
	User name is correct
	Enter user name:
	Pasi
	User name is incorrect
	
echo "Enter user name: "
read UName

if [ "$UName" == "Mino" ]; then
    echo "User name is correct"
else
    echo "User name is incorrect"
fi

[root@Ridmi ~]# vi Username.sh
[root@Ridmi ~]# chmod 777 Username.sh
[root@Ridmi ~]# ls
DataFile.csv       arithmatic.sh  new.txt         test1.csv
DataFile_copy.csv  day.sh         rows_test1.csv  test3.csv
Username.sh        example_1.sh   sum.sh          touch
abc.tsv            example_2.sh   test.csv        xyz1.csv
[root@Ridmi ~]# ./Username.sh
Enter user name:
Meni
User name is incorrect
[root@Ridmi ~]# ./Username.sh
Enter user name:
Mino
User name is correct 

q6.Enter two numbers and find the max
Output:- 
	Enter two numbers:
	7 5 
	7 is greater than 5
	
	Output:- 
	Enter two numbers:
	1 9
	9 is greater than 1  
	
echo "Enter two numbers: "
read n1
read n2
if [ "$n1" -gt  "$n2" ]; then
    echo $n1 " is greater than " $n2
else
    echo $n1 " is less than " $n2
fi

[root@Ridmi ~]# vi max.sh
[root@Ridmi ~]# chmod 777 max.sh
[root@Ridmi ~]# ./max.sh
Enter two numbers:
7
5
7  is greater than  5
[root@Ridmi ~]# ./max.sh
Enter two numbers:
1
9
1  is less than  9


q7. Create simple calculator using "expr" command same as the question 3

# Prompt the user to enter the first number.
echo "Enter the number 1:"

# Read and store the first number in the variable 'num1'.
read num1

# Prompt the user to enter the second number.
echo "Enter the number 2:"

# Read and store the second number in the variable 'num2'.
read num2

# Calculate the sum of num1 and num2 using the 'expr' command and store it in 'sum'.
sum=$(expr $num1 + $num2)

# Print the sum of the two numbers.
echo "Summation: $sum"

# Calculate the subtraction of num1 and num2 using 'expr' and store it in 'sub'.
sub=$(expr $num1 - $num2)

# Print the subtraction result.
echo "Subtraction: $sub"

# Calculate the multiplication of num1 and num2 using 'expr' (Note: '*' must be escaped with '\').
mul=$(expr $num1 \* $num2)

# Print the multiplication result.
echo "Multiplication: $mul"

# Check if num2 is not equal to zero before performing division.
if [ $num2 -ne 0 ]; then
    # Calculate the division of num1 by num2 using 'expr' and store it in 'div'.
    div=$(expr $num1 / $num2)

    # Print the division result.
    echo "Division: $div"
else
    # Print an error message to indicate that division by zero is not allowed.
    echo "Division: Error! Cannot divide by zero."
fi

[root@Ridmi ~]# vi cal.sh
[root@Ridmi ~]# chmod 777 cal.sh
[root@Ridmi ~]# ./cal.sh
Enter the number 1:
3
Enter the number 2:
5
Summation: 8
Subtraction: -2
Multiplication: 15
Division: 0